// Jest Snapshot v1, https://goo.gl/fbAQLP

exports[`OrderStatusPageContainer Snapshot 1`] = `
<div>
  orderId
</div>
`;
