// Jest Snapshot v1, https://goo.gl/fbAQLP

exports[`BackgroundMainPaper snapshot 1`] = `
<div
  className="root"
>
  <Paper
    elevation={4}
  >
    <div />
  </Paper>
</div>
`;
